NO LOG FILE! - setting up server logging...
[2026-09-27 21:02:06:648 INFO] Starting Server
[2026-09-27 21:02:06:648 INFO] Version: 1.26.51.1
[2026-09-27 21:02:06:648 INFO] Session ID: 8a7a65c0-920c-4b88-b6ca-2af4e4811e5e
[2026-09-27 21:02:06:648 INFO] Build ID: 51061372
[2026-09-27 21:02:06:648 INFO] Branch: r/26_u5
[2026-09-27 21:02:06:648 INFO] Commit ID: 0559ac59aa24e42d30e238bc55cdb306232a6507
[2026-09-27 21:02:06:648 INFO] Configuration: Publish
[2026-09-27 21:02:06:648 INFO] Contents of server.properties: {}
[2026-09-27 21:02:06:648 INFO] Level Name: Parity Test
[2026-09-27 21:02:06:648 INFO] Profiler config ('bootstrap.json') load result: success=1, errorMessage=(null)
[2026-09-27 21:02:06:649 INFO] No CDN config file found at: cdn_config.json for dedicated server
[2026-09-27 21:02:06:649 INFO] Game mode: 0 Survival
[2026-09-27 21:02:06:649 INFO] Difficulty: 1 EASY
[2026-09-27 21:02:06:653 INFO] Content logging to console is enabled.
[2026-09-27 21:02:06:655 INFO] 

#####################################################
#                                                   #
#               LOADING VANILLA WORLD               #
#                                                   #
#####################################################
[2026-09-27 21:02:07:249 INFO] Content logging to disk is enabled. Writing log to: ContentLog2026-09-27_21-02-07
[2026-09-27 21:02:07:250 INFO] Opening level 'worlds/Parity Test/db'
[2026-09-27 21:02:07:285 INFO] Accepting clients on [::]:19572
[2026-09-27 21:02:07:356 INFO] Pack Stack - [00] Kaleidoscope Cookery v1.0.6 [BP] (id: 10f37ae2-9ccf-435f-b34b-0eec8191cd94, version: 1.0.6) @ worlds/Parity Test/behavior_packs/10f37ae2-9ccf-435f-b34b-0eec8191cd94
[2026-09-27 21:02:07:356 INFO] Pack Stack - [01] overworld_fragments Add-On (id: d9bc53c2-f1d4-437f-8e54-1663b37550d7, version: 1.0.2) @ worlds/Parity Test/behavior_packs/d9bc53c2-f1d4-437f-8e54-1663b37550d7
[2026-09-27 21:02:07:356 INFO] Pack Stack - [02] Kaleidoscope Tavern (Unofficial) BP (id: f54f37f9-485a-55bf-8f89-6558aca988c5, version: 0.6.63) @ worlds/Parity Test/behavior_packs/f54f37f9-485a-55bf-8f89-6558aca988c5
[2026-09-27 21:02:07:356 INFO] Pack Stack - [03] Kaleidoscope World Liquor (Unofficial) BP (id: 355ffdfc-50e6-5a33-a126-4d78ab955b2b, version: 0.1.27) @ worlds/Parity Test/behavior_packs/355ffdfc-50e6-5a33-a126-4d78ab955b2b
[2026-09-27 21:02:10:056 INFO] Signed in to signaling service successfully
[2026-09-27 21:02:10:277 INFO] Server started.
[2026-09-27 21:02:10:277 INFO] ================ TELEMETRY MESSAGE ===================
[2026-09-27 21:02:10:278 INFO] Server Telemetry is currently not enabled. 
[2026-09-27 21:02:10:278 INFO] Enabling this telemetry helps us improve the game.
[2026-09-27 21:02:10:278 INFO] 
[2026-09-27 21:02:10:278 INFO] To enable this feature, add the line 'emit-server-telemetry=true'
[2026-09-27 21:02:10:278 INFO] to the server.properties file in the handheld/src-server directory
[2026-09-27 21:02:10:278 INFO] ======================================================
[2026-09-27 21:02:10:504 WARN] [Scripting] [Tavern C6] Cookery guide chapter and Tavern extension v1 initialized. Public beta 0.6.63-beta.1.

[2026-09-27 21:02:11:493 WARN] [Scripting] [World Liquor] 0.1.27 preview: 24 drink descriptors, 32 recipes. Client visuals require device review.

[2026-09-27 21:02:13:659 WARN] [Scripting] [Tavern guide] Chapter sent; host receipt and client display are not acknowledged by Cookery API v1.

[2026-09-27 21:02:14:738 WARN] [Scripting] [Tavern SDK] Registered kaleidoscope_world_liquor

[2026-09-27 21:02:25:806 WARN] [Scripting] PARITY_DONE freezer 40 cases; liquid properties 20; independent audio channel and removal cleanup. No client visuals/audio acceptance.

[2026-09-27 21:02:26:664 INFO] Server stop requested.
[2026-09-27 21:02:26:713 INFO] Stopping server...
Quit correctly

