NO LOG FILE! - setting up server logging...
[2026-09-27 12:20:18:724 INFO] Starting Server
[2026-09-27 12:20:18:724 INFO] Version: 1.26.51.1
[2026-09-27 12:20:18:724 INFO] Session ID: 0286d645-505a-4ada-bf83-d59fced9deac
[2026-09-27 12:20:18:724 INFO] Build ID: 51061372
[2026-09-27 12:20:18:724 INFO] Branch: r/26_u5
[2026-09-27 12:20:18:724 INFO] Commit ID: 0559ac59aa24e42d30e238bc55cdb306232a6507
[2026-09-27 12:20:18:724 INFO] Configuration: Publish
[2026-09-27 12:20:18:724 INFO] Contents of server.properties: {}
[2026-09-27 12:20:18:724 INFO] Level Name: Release Check
[2026-09-27 12:20:18:724 INFO] Profiler config ('bootstrap.json') load result: success=1, errorMessage=(null)
[2026-09-27 12:20:18:725 INFO] No CDN config file found at: cdn_config.json for dedicated server
[2026-09-27 12:20:18:725 INFO] Game mode: 0 Survival
[2026-09-27 12:20:18:725 INFO] Difficulty: 1 EASY
[2026-09-27 12:20:18:729 INFO] Content logging to console is enabled.
[2026-09-27 12:20:18:730 INFO] 

#####################################################
#                                                   #
#               LOADING VANILLA WORLD               #
#                                                   #
#####################################################
[2026-09-27 12:20:19:357 INFO] Content logging to disk is enabled. Writing log to: ContentLog2026-09-27_12-20-19
[2026-09-27 12:20:19:358 INFO] Opening level 'worlds/Release Check/db'
[2026-09-27 12:20:19:393 INFO] Accepting clients on [::]:19372
[2026-09-27 12:20:19:469 INFO] Pack Stack - [00] Kaleidoscope Cookery v1.0.6 [BP] (id: 10f37ae2-9ccf-435f-b34b-0eec8191cd94, version: 1.0.6) @ worlds/Release Check/behavior_packs/10f37ae2-9ccf-435f-b34b-0eec8191cd94
[2026-09-27 12:20:19:469 INFO] Pack Stack - [01] Kaleidoscope World Liquor (Unofficial) BP (id: 355ffdfc-50e6-5a33-a126-4d78ab955b2b, version: 0.1.14) @ worlds/Release Check/behavior_packs/355ffdfc-50e6-5a33-a126-4d78ab955b2b
[2026-09-27 12:20:19:469 INFO] Pack Stack - [02] Kaleidoscope Tavern (Unofficial) BP (id: f54f37f9-485a-55bf-8f89-6558aca988c5, version: 0.6.51) @ worlds/Release Check/behavior_packs/f54f37f9-485a-55bf-8f89-6558aca988c5
[2026-09-27 12:20:21:997 INFO] Signed in to signaling service successfully
[2026-09-27 12:20:22:216 INFO] Server started.
[2026-09-27 12:20:22:216 INFO] ================ TELEMETRY MESSAGE ===================
[2026-09-27 12:20:22:216 INFO] Server Telemetry is currently not enabled. 
[2026-09-27 12:20:22:217 INFO] Enabling this telemetry helps us improve the game.
[2026-09-27 12:20:22:217 INFO] 
[2026-09-27 12:20:22:217 INFO] To enable this feature, add the line 'emit-server-telemetry=true'
[2026-09-27 12:20:22:217 INFO] to the server.properties file in the handheld/src-server directory
[2026-09-27 12:20:22:217 INFO] ======================================================
[2026-09-27 12:20:22:418 WARN] [Scripting] [Tavern C6] Cookery guide chapter and Tavern extension v1 initialized. Public beta 0.6.51-beta.1.

[2026-09-27 12:20:23:370 WARN] [Scripting] [World Liquor] 0.1.14 preview: 24 drink descriptors, 32 recipes. Client visuals require device review.

[2026-09-27 12:20:26:562 WARN] [Scripting] [Tavern SDK] Registered kaleidoscope_world_liquor

[2026-09-27 12:20:33:532 WARN] [Scripting] DRINK_DROP_PASS {"mode":"stored","drops":[["kaleidoscope_tavern:brandy_q4",1]]}

[2026-09-27 12:20:33:532 WARN] [Scripting] DRINK_DROP_PASS {"mode":"stored","drops":[["kaleidoscope_world_liquor:bamboo_leaf_green_liquor_q4",1]]}

[2026-09-27 12:20:33:533 WARN] [Scripting] DRINK_DROP_PASS {"mode":"replace","drops":[]}

[2026-09-27 12:20:33:533 WARN] [Scripting] DRINK_DROP_PASS {"mode":"absent","drops":[]}

[2026-09-27 12:20:33:533 WARN] [Scripting] DRINK_DROP_PASS {"mode":"signature","drops":[["kaleidoscope_tavern:signature_cocktail",1]]}

[2026-09-27 12:20:33:533 WARN] [Scripting] DRINK_DROP_PASS {"mode":"cup_replace","drops":[]}

[2026-09-27 12:20:33:534 WARN] [Scripting] DRINK_DROP_PASS {"mode":"multi","drops":[["kaleidoscope_tavern:brandy_q1",1],["kaleidoscope_tavern:brandy_q6",1]]}

[2026-09-27 12:20:33:534 WARN] [Scripting] DRINK_DROP_PASS {"mode":"rollback","drops":[]}

[2026-09-27 12:20:33:534 WARN] [Scripting] DRINK_DROP_ALL_PASS 8; no simulated players

[2026-09-27 12:20:46:722 INFO] Server stop requested.
[2026-09-27 12:20:46:771 INFO] Stopping server...
Quit correctly
